TimeQuest Timing Analyzer report for Question3
Sun Apr 10 14:37:50 2022
Quartus II 64-Bit Version 13.0.1 Build 232 06/12/2013 Service Pack 1 SJ Web Edition


---------------------
; Table of Contents ;
---------------------
  1. Legal Notice
  2. TimeQuest Timing Analyzer Summary
  3. Parallel Compilation
  4. SDC File List
  5. Clocks
  6. Slow Model Fmax Summary
  7. Slow Model Setup Summary
  8. Slow Model Hold Summary
  9. Slow Model Recovery Summary
 10. Slow Model Removal Summary
 11. Slow Model Minimum Pulse Width Summary
 12. Slow Model Minimum Pulse Width: 'CLK'
 13. Setup Times
 14. Hold Times
 15. Clock to Output Times
 16. Minimum Clock to Output Times
 17. Propagation Delay
 18. Minimum Propagation Delay
 19. Fast Model Setup Summary
 20. Fast Model Hold Summary
 21. Fast Model Recovery Summary
 22. Fast Model Removal Summary
 23. Fast Model Minimum Pulse Width Summary
 24. Fast Model Minimum Pulse Width: 'CLK'
 25. Setup Times
 26. Hold Times
 27. Clock to Output Times
 28. Minimum Clock to Output Times
 29. Propagation Delay
 30. Minimum Propagation Delay
 31. Multicorner Timing Analysis Summary
 32. Setup Times
 33. Hold Times
 34. Clock to Output Times
 35. Minimum Clock to Output Times
 36. Progagation Delay
 37. Minimum Progagation Delay
 38. Clock Transfers
 39. Report TCCS
 40. Report RSKM
 41. Unconstrained Paths
 42. TimeQuest Timing Analyzer Messages



----------------
; Legal Notice ;
----------------
Copyright (C) 1991-2013 Altera Corporation
Your use of Altera Corporation's design tools, logic functions 
and other software and tools, and its AMPP partner logic 
functions, and any output files from any of the foregoing 
(including device programming or simulation files), and any 
associated documentation or information are expressly subject 
to the terms and conditions of the Altera Program License 
Subscription Agreement, Altera MegaCore Function License 
Agreement, or other applicable license agreement, including, 
without limitation, that your use is for the sole purpose of 
programming logic devices manufactured by Altera and sold by 
Altera or its authorized distributors.  Please refer to the 
applicable agreement for further details.



+----------------------------------------------------------------------------------------+
; TimeQuest Timing Analyzer Summary                                                      ;
+--------------------+-------------------------------------------------------------------+
; Quartus II Version ; Version 13.0.1 Build 232 06/12/2013 Service Pack 1 SJ Web Edition ;
; Revision Name      ; Question3                                                         ;
; Device Family      ; Cyclone II                                                        ;
; Device Name        ; EP2C35F672C6                                                      ;
; Timing Models      ; Final                                                             ;
; Delay Model        ; Combined                                                          ;
; Rise/Fall Delays   ; Unavailable                                                       ;
+--------------------+-------------------------------------------------------------------+


Parallel compilation was disabled, but you have multiple processors available. Enable parallel compilation to reduce compilation time.
+-------------------------------------+
; Parallel Compilation                ;
+----------------------------+--------+
; Processors                 ; Number ;
+----------------------------+--------+
; Number detected on machine ; 8      ;
; Maximum allowed            ; 1      ;
+----------------------------+--------+


+--------------------------------------------------------------+
; SDC File List                                                ;
+--------------------------+--------+--------------------------+
; SDC File Path            ; Status ; Read at                  ;
+--------------------------+--------+--------------------------+
; Question3_2.23ns.out.sdc ; OK     ; Sun Apr 10 14:37:49 2022 ;
+--------------------------+--------+--------------------------+


+---------------------------------------------------------------------------------------------------------------------------------------------------------------------------------+
; Clocks                                                                                                                                                                          ;
+------------+------+--------+------------+-------+-------+------------+-----------+-------------+-------+--------+-----------+------------+----------+--------+--------+---------+
; Clock Name ; Type ; Period ; Frequency  ; Rise  ; Fall  ; Duty Cycle ; Divide by ; Multiply by ; Phase ; Offset ; Edge List ; Edge Shift ; Inverted ; Master ; Source ; Targets ;
+------------+------+--------+------------+-------+-------+------------+-----------+-------------+-------+--------+-----------+------------+----------+--------+--------+---------+
; CLK        ; Base ; 2.230  ; 448.43 MHz ; 0.000 ; 1.115 ;            ;           ;             ;       ;        ;           ;            ;          ;        ;        ; { CLK } ;
+------------+------+--------+------------+-------+-------+------------+-----------+-------------+-------+--------+-----------+------------+----------+--------+--------+---------+


---------------------------
; Slow Model Fmax Summary ;
---------------------------
No paths to report.


----------------------------
; Slow Model Setup Summary ;
----------------------------
No paths to report.


---------------------------
; Slow Model Hold Summary ;
---------------------------
No paths to report.


-------------------------------
; Slow Model Recovery Summary ;
-------------------------------
No paths to report.


------------------------------
; Slow Model Removal Summary ;
------------------------------
No paths to report.


+----------------------------------------+
; Slow Model Minimum Pulse Width Summary ;
+-------+--------+-----------------------+
; Clock ; Slack  ; End Point TNS         ;
+-------+--------+-----------------------+
; CLK   ; -0.150 ; -0.150                ;
+-------+--------+-----------------------+


+----------------------------------------------------------------------------------------------------------+
; Slow Model Minimum Pulse Width: 'CLK'                                                                    ;
+--------+--------------+----------------+------------------+-------+------------+-------------------------+
; Slack  ; Actual Width ; Required Width ; Type             ; Clock ; Clock Edge ; Target                  ;
+--------+--------------+----------------+------------------+-------+------------+-------------------------+
; -0.150 ; 2.230        ; 2.380          ; Port Rate        ; CLK   ; Rise       ; CLK                     ;
; 0.115  ; 1.115        ; 1.000          ; High Pulse Width ; CLK   ; Rise       ; D_FF:inst|DFF~_emulated ;
; 0.115  ; 1.115        ; 1.000          ; Low Pulse Width  ; CLK   ; Rise       ; D_FF:inst|DFF~_emulated ;
; 1.115  ; 1.115        ; 0.000          ; High Pulse Width ; CLK   ; Rise       ; CLK|combout             ;
; 1.115  ; 1.115        ; 0.000          ; Low Pulse Width  ; CLK   ; Rise       ; CLK|combout             ;
; 1.115  ; 1.115        ; 0.000          ; High Pulse Width ; CLK   ; Rise       ; CLK~clkctrl|inclk[0]    ;
; 1.115  ; 1.115        ; 0.000          ; Low Pulse Width  ; CLK   ; Rise       ; CLK~clkctrl|inclk[0]    ;
; 1.115  ; 1.115        ; 0.000          ; High Pulse Width ; CLK   ; Rise       ; CLK~clkctrl|outclk      ;
; 1.115  ; 1.115        ; 0.000          ; Low Pulse Width  ; CLK   ; Rise       ; CLK~clkctrl|outclk      ;
; 1.115  ; 1.115        ; 0.000          ; High Pulse Width ; CLK   ; Rise       ; inst|DFF~_emulated|clk  ;
; 1.115  ; 1.115        ; 0.000          ; Low Pulse Width  ; CLK   ; Rise       ; inst|DFF~_emulated|clk  ;
+--------+--------------+----------------+------------------+-------+------------+-------------------------+


+-----------------------------------------------------------------------+
; Setup Times                                                           ;
+-----------+------------+-------+-------+------------+-----------------+
; Data Port ; Clock Port ; Rise  ; Fall  ; Clock Edge ; Clock Reference ;
+-----------+------------+-------+-------+------------+-----------------+
; D         ; CLK        ; 3.282 ; 3.282 ; Rise       ; CLK             ;
+-----------+------------+-------+-------+------------+-----------------+


+-------------------------------------------------------------------------+
; Hold Times                                                              ;
+-----------+------------+--------+--------+------------+-----------------+
; Data Port ; Clock Port ; Rise   ; Fall   ; Clock Edge ; Clock Reference ;
+-----------+------------+--------+--------+------------+-----------------+
; D         ; CLK        ; -3.052 ; -3.052 ; Rise       ; CLK             ;
+-----------+------------+--------+--------+------------+-----------------+


+-----------------------------------------------------------------------+
; Clock to Output Times                                                 ;
+-----------+------------+-------+-------+------------+-----------------+
; Data Port ; Clock Port ; Rise  ; Fall  ; Clock Edge ; Clock Reference ;
+-----------+------------+-------+-------+------------+-----------------+
; LQ        ; CLK        ; 7.084 ; 7.084 ; Rise       ; CLK             ;
; LQn       ; CLK        ; 7.104 ; 7.104 ; Rise       ; CLK             ;
; Q         ; CLK        ; 6.908 ; 6.908 ; Rise       ; CLK             ;
; Qn        ; CLK        ; 6.908 ; 6.908 ; Rise       ; CLK             ;
; LQ        ; CLK        ; 7.084 ; 7.084 ; Fall       ; CLK             ;
; LQn       ; CLK        ; 7.104 ; 7.104 ; Fall       ; CLK             ;
+-----------+------------+-------+-------+------------+-----------------+


+-----------------------------------------------------------------------+
; Minimum Clock to Output Times                                         ;
+-----------+------------+-------+-------+------------+-----------------+
; Data Port ; Clock Port ; Rise  ; Fall  ; Clock Edge ; Clock Reference ;
+-----------+------------+-------+-------+------------+-----------------+
; LQ        ; CLK        ; 7.084 ; 7.084 ; Rise       ; CLK             ;
; LQn       ; CLK        ; 7.104 ; 7.104 ; Rise       ; CLK             ;
; Q         ; CLK        ; 6.908 ; 6.908 ; Rise       ; CLK             ;
; Qn        ; CLK        ; 6.908 ; 6.908 ; Rise       ; CLK             ;
; LQ        ; CLK        ; 7.084 ; 7.084 ; Fall       ; CLK             ;
; LQn       ; CLK        ; 7.104 ; 7.104 ; Fall       ; CLK             ;
+-----------+------------+-------+-------+------------+-----------------+


+--------------------------------------------------------------+
; Propagation Delay                                            ;
+------------+-------------+--------+--------+--------+--------+
; Input Port ; Output Port ; RR     ; RF     ; FR     ; FF     ;
+------------+-------------+--------+--------+--------+--------+
; CLR        ; LQ          ;        ; 5.407  ; 5.407  ;        ;
; CLR        ; LQn         ; 5.427  ;        ;        ; 5.427  ;
; CLR        ; Q           ;        ; 5.165  ; 5.165  ;        ;
; CLR        ; Qn          ; 5.165  ;        ;        ; 5.165  ;
; D          ; LQ          ; 10.440 ;        ;        ; 10.440 ;
; D          ; LQn         ;        ; 10.460 ; 10.460 ;        ;
; SET        ; LQ          ; 5.683  ;        ;        ; 5.683  ;
; SET        ; LQn         ;        ; 5.703  ; 5.703  ;        ;
; SET        ; Q           ; 5.441  ;        ;        ; 5.441  ;
; SET        ; Qn          ;        ; 5.441  ; 5.441  ;        ;
+------------+-------------+--------+--------+--------+--------+


+--------------------------------------------------------------+
; Minimum Propagation Delay                                    ;
+------------+-------------+--------+--------+--------+--------+
; Input Port ; Output Port ; RR     ; RF     ; FR     ; FF     ;
+------------+-------------+--------+--------+--------+--------+
; CLR        ; LQ          ;        ; 5.407  ; 5.407  ;        ;
; CLR        ; LQn         ; 5.427  ;        ;        ; 5.427  ;
; CLR        ; Q           ;        ; 5.165  ; 5.165  ;        ;
; CLR        ; Qn          ; 5.165  ;        ;        ; 5.165  ;
; D          ; LQ          ; 10.440 ;        ;        ; 10.440 ;
; D          ; LQn         ;        ; 10.460 ; 10.460 ;        ;
; SET        ; LQ          ; 5.683  ;        ;        ; 5.683  ;
; SET        ; LQn         ;        ; 5.703  ; 5.703  ;        ;
; SET        ; Q           ; 5.441  ;        ;        ; 5.441  ;
; SET        ; Qn          ;        ; 5.441  ; 5.441  ;        ;
+------------+-------------+--------+--------+--------+--------+


----------------------------
; Fast Model Setup Summary ;
----------------------------
No paths to report.


---------------------------
; Fast Model Hold Summary ;
---------------------------
No paths to report.


-------------------------------
; Fast Model Recovery Summary ;
-------------------------------
No paths to report.


------------------------------
; Fast Model Removal Summary ;
------------------------------
No paths to report.


+----------------------------------------+
; Fast Model Minimum Pulse Width Summary ;
+-------+--------+-----------------------+
; Clock ; Slack  ; End Point TNS         ;
+-------+--------+-----------------------+
; CLK   ; -0.150 ; -0.150                ;
+-------+--------+-----------------------+


+----------------------------------------------------------------------------------------------------------+
; Fast Model Minimum Pulse Width: 'CLK'                                                                    ;
+--------+--------------+----------------+------------------+-------+------------+-------------------------+
; Slack  ; Actual Width ; Required Width ; Type             ; Clock ; Clock Edge ; Target                  ;
+--------+--------------+----------------+------------------+-------+------------+-------------------------+
; -0.150 ; 2.230        ; 2.380          ; Port Rate        ; CLK   ; Rise       ; CLK                     ;
; 0.115  ; 1.115        ; 1.000          ; High Pulse Width ; CLK   ; Rise       ; D_FF:inst|DFF~_emulated ;
; 0.115  ; 1.115        ; 1.000          ; Low Pulse Width  ; CLK   ; Rise       ; D_FF:inst|DFF~_emulated ;
; 1.115  ; 1.115        ; 0.000          ; High Pulse Width ; CLK   ; Rise       ; CLK|combout             ;
; 1.115  ; 1.115        ; 0.000          ; Low Pulse Width  ; CLK   ; Rise       ; CLK|combout             ;
; 1.115  ; 1.115        ; 0.000          ; High Pulse Width ; CLK   ; Rise       ; CLK~clkctrl|inclk[0]    ;
; 1.115  ; 1.115        ; 0.000          ; Low Pulse Width  ; CLK   ; Rise       ; CLK~clkctrl|inclk[0]    ;
; 1.115  ; 1.115        ; 0.000          ; High Pulse Width ; CLK   ; Rise       ; CLK~clkctrl|outclk      ;
; 1.115  ; 1.115        ; 0.000          ; Low Pulse Width  ; CLK   ; Rise       ; CLK~clkctrl|outclk      ;
; 1.115  ; 1.115        ; 0.000          ; High Pulse Width ; CLK   ; Rise       ; inst|DFF~_emulated|clk  ;
; 1.115  ; 1.115        ; 0.000          ; Low Pulse Width  ; CLK   ; Rise       ; inst|DFF~_emulated|clk  ;
+--------+--------------+----------------+------------------+-------+------------+-------------------------+


+-----------------------------------------------------------------------+
; Setup Times                                                           ;
+-----------+------------+-------+-------+------------+-----------------+
; Data Port ; Clock Port ; Rise  ; Fall  ; Clock Edge ; Clock Reference ;
+-----------+------------+-------+-------+------------+-----------------+
; D         ; CLK        ; 1.750 ; 1.750 ; Rise       ; CLK             ;
+-----------+------------+-------+-------+------------+-----------------+


+-------------------------------------------------------------------------+
; Hold Times                                                              ;
+-----------+------------+--------+--------+------------+-----------------+
; Data Port ; Clock Port ; Rise   ; Fall   ; Clock Edge ; Clock Reference ;
+-----------+------------+--------+--------+------------+-----------------+
; D         ; CLK        ; -1.630 ; -1.630 ; Rise       ; CLK             ;
+-----------+------------+--------+--------+------------+-----------------+


+-----------------------------------------------------------------------+
; Clock to Output Times                                                 ;
+-----------+------------+-------+-------+------------+-----------------+
; Data Port ; Clock Port ; Rise  ; Fall  ; Clock Edge ; Clock Reference ;
+-----------+------------+-------+-------+------------+-----------------+
; LQ        ; CLK        ; 3.821 ; 3.821 ; Rise       ; CLK             ;
; LQn       ; CLK        ; 3.841 ; 3.841 ; Rise       ; CLK             ;
; Q         ; CLK        ; 3.872 ; 3.872 ; Rise       ; CLK             ;
; Qn        ; CLK        ; 3.872 ; 3.872 ; Rise       ; CLK             ;
; LQ        ; CLK        ; 3.821 ; 3.821 ; Fall       ; CLK             ;
; LQn       ; CLK        ; 3.841 ; 3.841 ; Fall       ; CLK             ;
+-----------+------------+-------+-------+------------+-----------------+


+-----------------------------------------------------------------------+
; Minimum Clock to Output Times                                         ;
+-----------+------------+-------+-------+------------+-----------------+
; Data Port ; Clock Port ; Rise  ; Fall  ; Clock Edge ; Clock Reference ;
+-----------+------------+-------+-------+------------+-----------------+
; LQ        ; CLK        ; 3.821 ; 3.821 ; Rise       ; CLK             ;
; LQn       ; CLK        ; 3.841 ; 3.841 ; Rise       ; CLK             ;
; Q         ; CLK        ; 3.872 ; 3.872 ; Rise       ; CLK             ;
; Qn        ; CLK        ; 3.872 ; 3.872 ; Rise       ; CLK             ;
; LQ        ; CLK        ; 3.821 ; 3.821 ; Fall       ; CLK             ;
; LQn       ; CLK        ; 3.841 ; 3.841 ; Fall       ; CLK             ;
+-----------+------------+-------+-------+------------+-----------------+


+----------------------------------------------------------+
; Propagation Delay                                        ;
+------------+-------------+-------+-------+-------+-------+
; Input Port ; Output Port ; RR    ; RF    ; FR    ; FF    ;
+------------+-------------+-------+-------+-------+-------+
; CLR        ; LQ          ;       ; 2.826 ; 2.826 ;       ;
; CLR        ; LQn         ; 2.846 ;       ;       ; 2.846 ;
; CLR        ; Q           ;       ; 2.712 ; 2.712 ;       ;
; CLR        ; Qn          ; 2.712 ;       ;       ; 2.712 ;
; D          ; LQ          ; 5.708 ;       ;       ; 5.708 ;
; D          ; LQn         ;       ; 5.728 ; 5.728 ;       ;
; SET        ; LQ          ; 2.949 ;       ;       ; 2.949 ;
; SET        ; LQn         ;       ; 2.969 ; 2.969 ;       ;
; SET        ; Q           ; 2.835 ;       ;       ; 2.835 ;
; SET        ; Qn          ;       ; 2.835 ; 2.835 ;       ;
+------------+-------------+-------+-------+-------+-------+


+----------------------------------------------------------+
; Minimum Propagation Delay                                ;
+------------+-------------+-------+-------+-------+-------+
; Input Port ; Output Port ; RR    ; RF    ; FR    ; FF    ;
+------------+-------------+-------+-------+-------+-------+
; CLR        ; LQ          ;       ; 2.826 ; 2.826 ;       ;
; CLR        ; LQn         ; 2.846 ;       ;       ; 2.846 ;
; CLR        ; Q           ;       ; 2.712 ; 2.712 ;       ;
; CLR        ; Qn          ; 2.712 ;       ;       ; 2.712 ;
; D          ; LQ          ; 5.708 ;       ;       ; 5.708 ;
; D          ; LQn         ;       ; 5.728 ; 5.728 ;       ;
; SET        ; LQ          ; 2.949 ;       ;       ; 2.949 ;
; SET        ; LQn         ;       ; 2.969 ; 2.969 ;       ;
; SET        ; Q           ; 2.835 ;       ;       ; 2.835 ;
; SET        ; Qn          ;       ; 2.835 ; 2.835 ;       ;
+------------+-------------+-------+-------+-------+-------+


+----------------------------------------------------------------------------+
; Multicorner Timing Analysis Summary                                        ;
+------------------+-------+------+----------+---------+---------------------+
; Clock            ; Setup ; Hold ; Recovery ; Removal ; Minimum Pulse Width ;
+------------------+-------+------+----------+---------+---------------------+
; Worst-case Slack ; N/A   ; N/A  ; N/A      ; N/A     ; -0.150              ;
;  CLK             ; N/A   ; N/A  ; N/A      ; N/A     ; -0.150              ;
; Design-wide TNS  ; 0.0   ; 0.0  ; 0.0      ; 0.0     ; -0.15               ;
;  CLK             ; N/A   ; N/A  ; N/A      ; N/A     ; -0.150              ;
+------------------+-------+------+----------+---------+---------------------+


+-----------------------------------------------------------------------+
; Setup Times                                                           ;
+-----------+------------+-------+-------+------------+-----------------+
; Data Port ; Clock Port ; Rise  ; Fall  ; Clock Edge ; Clock Reference ;
+-----------+------------+-------+-------+------------+-----------------+
; D         ; CLK        ; 3.282 ; 3.282 ; Rise       ; CLK             ;
+-----------+------------+-------+-------+------------+-----------------+


+-------------------------------------------------------------------------+
; Hold Times                                                              ;
+-----------+------------+--------+--------+------------+-----------------+
; Data Port ; Clock Port ; Rise   ; Fall   ; Clock Edge ; Clock Reference ;
+-----------+------------+--------+--------+------------+-----------------+
; D         ; CLK        ; -1.630 ; -1.630 ; Rise       ; CLK             ;
+-----------+------------+--------+--------+------------+-----------------+


+-----------------------------------------------------------------------+
; Clock to Output Times                                                 ;
+-----------+------------+-------+-------+------------+-----------------+
; Data Port ; Clock Port ; Rise  ; Fall  ; Clock Edge ; Clock Reference ;
+-----------+------------+-------+-------+------------+-----------------+
; LQ        ; CLK        ; 7.084 ; 7.084 ; Rise       ; CLK             ;
; LQn       ; CLK        ; 7.104 ; 7.104 ; Rise       ; CLK             ;
; Q         ; CLK        ; 6.908 ; 6.908 ; Rise       ; CLK             ;
; Qn        ; CLK        ; 6.908 ; 6.908 ; Rise       ; CLK             ;
; LQ        ; CLK        ; 7.084 ; 7.084 ; Fall       ; CLK             ;
; LQn       ; CLK        ; 7.104 ; 7.104 ; Fall       ; CLK             ;
+-----------+------------+-------+-------+------------+-----------------+


+-----------------------------------------------------------------------+
; Minimum Clock to Output Times                                         ;
+-----------+------------+-------+-------+------------+-----------------+
; Data Port ; Clock Port ; Rise  ; Fall  ; Clock Edge ; Clock Reference ;
+-----------+------------+-------+-------+------------+-----------------+
; LQ        ; CLK        ; 3.821 ; 3.821 ; Rise       ; CLK             ;
; LQn       ; CLK        ; 3.841 ; 3.841 ; Rise       ; CLK             ;
; Q         ; CLK        ; 3.872 ; 3.872 ; Rise       ; CLK             ;
; Qn        ; CLK        ; 3.872 ; 3.872 ; Rise       ; CLK             ;
; LQ        ; CLK        ; 3.821 ; 3.821 ; Fall       ; CLK             ;
; LQn       ; CLK        ; 3.841 ; 3.841 ; Fall       ; CLK             ;
+-----------+------------+-------+-------+------------+-----------------+


+--------------------------------------------------------------+
; Progagation Delay                                            ;
+------------+-------------+--------+--------+--------+--------+
; Input Port ; Output Port ; RR     ; RF     ; FR     ; FF     ;
+------------+-------------+--------+--------+--------+--------+
; CLR        ; LQ          ;        ; 5.407  ; 5.407  ;        ;
; CLR        ; LQn         ; 5.427  ;        ;        ; 5.427  ;
; CLR        ; Q           ;        ; 5.165  ; 5.165  ;        ;
; CLR        ; Qn          ; 5.165  ;        ;        ; 5.165  ;
; D          ; LQ          ; 10.440 ;        ;        ; 10.440 ;
; D          ; LQn         ;        ; 10.460 ; 10.460 ;        ;
; SET        ; LQ          ; 5.683  ;        ;        ; 5.683  ;
; SET        ; LQn         ;        ; 5.703  ; 5.703  ;        ;
; SET        ; Q           ; 5.441  ;        ;        ; 5.441  ;
; SET        ; Qn          ;        ; 5.441  ; 5.441  ;        ;
+------------+-------------+--------+--------+--------+--------+


+----------------------------------------------------------+
; Minimum Progagation Delay                                ;
+------------+-------------+-------+-------+-------+-------+
; Input Port ; Output Port ; RR    ; RF    ; FR    ; FF    ;
+------------+-------------+-------+-------+-------+-------+
; CLR        ; LQ          ;       ; 2.826 ; 2.826 ;       ;
; CLR        ; LQn         ; 2.846 ;       ;       ; 2.846 ;
; CLR        ; Q           ;       ; 2.712 ; 2.712 ;       ;
; CLR        ; Qn          ; 2.712 ;       ;       ; 2.712 ;
; D          ; LQ          ; 5.708 ;       ;       ; 5.708 ;
; D          ; LQn         ;       ; 5.728 ; 5.728 ;       ;
; SET        ; LQ          ; 2.949 ;       ;       ; 2.949 ;
; SET        ; LQn         ;       ; 2.969 ; 2.969 ;       ;
; SET        ; Q           ; 2.835 ;       ;       ; 2.835 ;
; SET        ; Qn          ;       ; 2.835 ; 2.835 ;       ;
+------------+-------------+-------+-------+-------+-------+


-------------------
; Clock Transfers ;
-------------------
Nothing to report.


---------------
; Report TCCS ;
---------------
No dedicated SERDES Transmitter circuitry present in device or used in design


---------------
; Report RSKM ;
---------------
No dedicated SERDES Receiver circuitry present in device or used in design


+------------------------------------------------+
; Unconstrained Paths                            ;
+---------------------------------+-------+------+
; Property                        ; Setup ; Hold ;
+---------------------------------+-------+------+
; Illegal Clocks                  ; 0     ; 0    ;
; Unconstrained Clocks            ; 0     ; 0    ;
; Unconstrained Input Ports       ; 4     ; 4    ;
; Unconstrained Input Port Paths  ; 17    ; 17   ;
; Unconstrained Output Ports      ; 4     ; 4    ;
; Unconstrained Output Port Paths ; 16    ; 16   ;
+---------------------------------+-------+------+


+------------------------------------+
; TimeQuest Timing Analyzer Messages ;
+------------------------------------+
Info: *******************************************************************
Info: Running Quartus II 64-Bit TimeQuest Timing Analyzer
    Info: Version 13.0.1 Build 232 06/12/2013 Service Pack 1 SJ Web Edition
    Info: Processing started: Sun Apr 10 14:37:49 2022
Info: Command: quartus_sta Question3 -c Question3
Info: qsta_default_script.tcl version: #1
Warning (20028): Parallel compilation is not licensed and has been disabled
Info (21077): Low junction temperature is 0 degrees C
Info (21077): High junction temperature is 85 degrees C
Warning (335093): TimeQuest Timing Analyzer is analyzing 1 combinational loops as latches.
Info (332104): Reading SDC File: 'Question3_2.23ns.out.sdc'
Warning (332125): Found combinational loop of 4 nodes
    Warning (332126): Node "inst1|FF|datac"
    Warning (332126): Node "inst1|FF|combout"
    Warning (332126): Node "inst1|FF~0|datad"
    Warning (332126): Node "inst1|FF~0|combout"
Info: Found TIMEQUEST_REPORT_SCRIPT_INCLUDE_DEFAULT_ANALYSIS = ON
Info: Analyzing Slow Model
Info (332140): No fmax paths to report
Info (332140): No Setup paths to report
Info (332140): No Hold paths to report
Info (332140): No Recovery paths to report
Info (332140): No Removal paths to report
Critical Warning (332148): Timing requirements not met
Info (332146): Worst-case minimum pulse width slack is -0.150
    Info (332119):     Slack End Point TNS Clock 
    Info (332119): ========= ============= =====================
    Info (332119):    -0.150        -0.150 CLK 
Info (332001): The selected device family is not supported by the report_metastability command.
Info: Analyzing Fast Model
Info (332140): No Setup paths to report
Info (332140): No Hold paths to report
Info (332140): No Recovery paths to report
Info (332140): No Removal paths to report
Critical Warning (332148): Timing requirements not met
Info (332146): Worst-case minimum pulse width slack is -0.150
    Info (332119):     Slack End Point TNS Clock 
    Info (332119): ========= ============= =====================
    Info (332119):    -0.150        -0.150 CLK 
Info (332001): The selected device family is not supported by the report_metastability command.
Info (332102): Design is not fully constrained for setup requirements
Info (332102): Design is not fully constrained for hold requirements
Info: Quartus II 64-Bit TimeQuest Timing Analyzer was successful. 0 errors, 9 warnings
    Info: Peak virtual memory: 4538 megabytes
    Info: Processing ended: Sun Apr 10 14:37:50 2022
    Info: Elapsed time: 00:00:01
    Info: Total CPU time (on all processors): 00:00:01


