------------------------------------------------------------
TimeQuest Timing Analyzer Summary
------------------------------------------------------------

Type  : Slow Model Setup 'NewLCD:inst3|LCD_Display:inst|CLK_400HZ'
Slack : -7.326
TNS   : -117.471

Type  : Slow Model Setup 'CLK~'
Slack : -3.492
TNS   : -124.994

Type  : Slow Model Setup 'CLK50'
Slack : -2.391
TNS   : -44.117

Type  : Slow Model Hold 'CLK50'
Slack : -2.549
TNS   : -2.549

Type  : Slow Model Hold 'CLK~'
Slack : 0.391
TNS   : 0.000

Type  : Slow Model Hold 'NewLCD:inst3|LCD_Display:inst|CLK_400HZ'
Slack : 0.391
TNS   : 0.000

Type  : Slow Model Recovery 'CLK~'
Slack : 0.114
TNS   : 0.000

Type  : Slow Model Removal 'CLK~'
Slack : 0.656
TNS   : 0.000

Type  : Slow Model Minimum Pulse Width 'CLK~'
Slack : -2.000
TNS   : -134.222

Type  : Slow Model Minimum Pulse Width 'NewLCD:inst3|LCD_Display:inst|CLK_400HZ'
Slack : -1.423
TNS   : -53.230

Type  : Slow Model Minimum Pulse Width 'CLK50'
Slack : -1.380
TNS   : -22.380

Type  : Fast Model Setup 'NewLCD:inst3|LCD_Display:inst|CLK_400HZ'
Slack : -3.456
TNS   : -50.563

Type  : Fast Model Setup 'CLK~'
Slack : -1.673
TNS   : -43.853

Type  : Fast Model Setup 'CLK50'
Slack : -0.574
TNS   : -9.270

Type  : Fast Model Hold 'CLK50'
Slack : -1.592
TNS   : -1.592

Type  : Fast Model Hold 'CLK~'
Slack : 0.215
TNS   : 0.000

Type  : Fast Model Hold 'NewLCD:inst3|LCD_Display:inst|CLK_400HZ'
Slack : 0.215
TNS   : 0.000

Type  : Fast Model Recovery 'CLK~'
Slack : 0.498
TNS   : 0.000

Type  : Fast Model Removal 'CLK~'
Slack : 0.382
TNS   : 0.000

Type  : Fast Model Minimum Pulse Width 'CLK~'
Slack : -2.000
TNS   : -134.222

Type  : Fast Model Minimum Pulse Width 'NewLCD:inst3|LCD_Display:inst|CLK_400HZ'
Slack : -1.423
TNS   : -53.230

Type  : Fast Model Minimum Pulse Width 'CLK50'
Slack : -1.380
TNS   : -22.380

------------------------------------------------------------
