------------------------------------------------------------
TimeQuest Timing Analyzer Summary
------------------------------------------------------------

Type  : Slow Model Setup 'NewLCD:inst3|LCD_Display:inst|CLK_400HZ'
Slack : -6.042
TNS   : -90.340

Type  : Slow Model Setup 'CLK50'
Slack : -3.794
TNS   : -220.032

Type  : Slow Model Setup 'CLK~'
Slack : -0.940
TNS   : -4.692

Type  : Slow Model Hold 'CLK50'
Slack : -2.550
TNS   : -2.550

Type  : Slow Model Hold 'CLK~'
Slack : 0.220
TNS   : 0.000

Type  : Slow Model Hold 'NewLCD:inst3|LCD_Display:inst|CLK_400HZ'
Slack : 0.391
TNS   : 0.000

Type  : Slow Model Recovery 'CLK~'
Slack : 0.455
TNS   : 0.000

Type  : Slow Model Removal 'CLK~'
Slack : 0.315
TNS   : 0.000

Type  : Slow Model Minimum Pulse Width 'CLK50'
Slack : -2.000
TNS   : -168.380

Type  : Slow Model Minimum Pulse Width 'NewLCD:inst3|LCD_Display:inst|CLK_400HZ'
Slack : -1.423
TNS   : -53.230

Type  : Slow Model Minimum Pulse Width 'CLK~'
Slack : -1.222
TNS   : -9.222

Type  : Fast Model Setup 'NewLCD:inst3|LCD_Display:inst|CLK_400HZ'
Slack : -2.753
TNS   : -35.567

Type  : Fast Model Setup 'CLK50'
Slack : -1.808
TNS   : -75.443

Type  : Fast Model Setup 'CLK~'
Slack : 0.105
TNS   : 0.000

Type  : Fast Model Hold 'CLK50'
Slack : -1.592
TNS   : -1.592

Type  : Fast Model Hold 'NewLCD:inst3|LCD_Display:inst|CLK_400HZ'
Slack : 0.215
TNS   : 0.000

Type  : Fast Model Hold 'CLK~'
Slack : 0.324
TNS   : 0.000

Type  : Fast Model Recovery 'CLK~'
Slack : 0.235
TNS   : 0.000

Type  : Fast Model Removal 'CLK~'
Slack : 0.645
TNS   : 0.000

Type  : Fast Model Minimum Pulse Width 'CLK50'
Slack : -2.000
TNS   : -168.380

Type  : Fast Model Minimum Pulse Width 'NewLCD:inst3|LCD_Display:inst|CLK_400HZ'
Slack : -1.423
TNS   : -53.230

Type  : Fast Model Minimum Pulse Width 'CLK~'
Slack : -1.222
TNS   : -9.222

------------------------------------------------------------
