Archive Project report for Question1
Mon May 16 00:24:04 2022
Quartus II 64-Bit Version 13.0.1 Build 232 06/12/2013 Service Pack 1 SJ Web Edition


---------------------
; Table of Contents ;
---------------------
  1. Legal Notice
  2. Archive Project Summary
  3. Archive Project Messages
  4. Files Archived



----------------
; Legal Notice ;
----------------
Copyright (C) 1991-2013 Altera Corporation
Your use of Altera Corporation's design tools, logic functions 
and other software and tools, and its AMPP partner logic 
functions, and any output files from any of the foregoing 
(including device programming or simulation files), and any 
associated documentation or information are expressly subject 
to the terms and conditions of the Altera Program License 
Subscription Agreement, Altera MegaCore Function License 
Agreement, or other applicable license agreement, including, 
without limitation, that your use is for the sole purpose of 
programming logic devices manufactured by Altera and sold by 
Altera or its authorized distributors.  Please refer to the 
applicable agreement for further details.



+----------------------------------------------------------------+
; Archive Project Summary                                        ;
+------------------------+---------------------------------------+
; Archive Project Status ; Successful - Mon May 16 00:24:04 2022 ;
; Revision Name          ; Question1                             ;
; Top-level Entity Name  ; Sorterbdf                             ;
; Family                 ; Cyclone II                            ;
+------------------------+---------------------------------------+


+--------------------------+
; Archive Project Messages ;
+--------------------------+
Info: File Set 'Source control' contains:
    Info: Project source and settings files
    Info: Automatically detected source files
Info: ----------------------------------------------------------
Info: ----------------------------------------------------------
Info: Generated archive 'C:/Users/v4ngbz/Documents/Quartus/DD2/Exercise7/Question2/Question1.qar'
Info: ----------------------------------------------------------
Info: ----------------------------------------------------------
Info: Generated report 'Question1.archive.rpt'
Info (23030): Evaluation of Tcl script c:/altera/13.0sp1/quartus/common/tcl/apps/qpm/qar.tcl was successful
Info: Quartus II 64-Bit Shell was successful. 0 errors, 0 warnings
    Info: Peak virtual memory: 4451 megabytes
    Info: Processing ended: Mon May 16 00:24:04 2022
    Info: Elapsed time: 00:00:02
    Info: Total CPU time (on all processors): 00:00:01


+-------------------------------------------------------------------------+
; Files Archived                                                          ;
+-------------------------------------------------------------------------+
; File Name                                                               ;
+-------------------------------------------------------------------------+
; assignment_defaults.qdf                                                 ;
; BubbleSort.vhd                                                          ;
; C:/Users/v4ngbz/Documents/Quartus/Libraries/CoreLibrary/LCD_Display.vhd ;
; C:/Users/v4ngbz/Documents/Quartus/Libraries/CoreLibrary/lpm_rom0.vhd    ;
; C:/Users/v4ngbz/Documents/Quartus/Libraries/CoreLibrary/NewLCD.bdf      ;
; incremental_db/compiled_partitions/Question1.db_info                    ;
; Question1.qpf                                                           ;
; Question1.qsf                                                           ;
; RAM256x8.mif                                                            ;
; RAM265x8.cmp                                                            ;
; RAM265x8.qip                                                            ;
; RAM265x8.vhd                                                            ;
; Rom.hex                                                                 ;
; simulation/modelsim/RAM32x8_tb.vhd                                      ;
; simulation/modelsim/Sorter_tb.vhd                                       ;
; Sorterbdf.bdf                                                           ;
+-------------------------------------------------------------------------+


